\BOOKMARK [1][]{section.1}{Introduction}{}% 1
\BOOKMARK [1][]{section.2}{Literature\040Review}{}% 2
\BOOKMARK [2][]{subsection.2.1}{Homelessness\040Dynamics\040and\040Measurement}{section.2}% 3
\BOOKMARK [2][]{subsection.2.2}{Eviction,\040Housing\040Instability,\040and\040Homelessness}{section.2}% 4
\BOOKMARK [2][]{subsection.2.3}{Policy\040Interventions\040and\040Homelessness}{section.2}% 5
\BOOKMARK [2][]{subsection.2.4}{Contribution\040of\040This\040Paper}{section.2}% 6
\BOOKMARK [1][]{section.3}{Theoretical\040Framework}{}% 7
\BOOKMARK [1][]{section.4}{Data}{}% 8
\BOOKMARK [2][]{subsection.4.1}{Homelessness\040Outcomes}{section.4}% 9
\BOOKMARK [2][]{subsection.4.2}{Eviction\040Moratoria}{section.4}% 10
\BOOKMARK [2][]{subsection.4.3}{Descriptive\040Statistics}{section.4}% 11
\BOOKMARK [1][]{section.5}{Empirical\040Strategy}{}% 12
\BOOKMARK [2][]{subsection.5.1}{Dose-Response\040Framework}{section.5}% 13
\BOOKMARK [2][]{subsection.5.2}{Pre-Trends\040and\040Validation}{section.5}% 14
\BOOKMARK [3][]{subsubsection.5.2.1}{Regression-Based\040Pre-Trend\040Tests}{subsection.5.2}% 15
\BOOKMARK [1][]{section.6}{Results}{}% 16
\BOOKMARK [2][]{subsection.6.1}{Homelessness\040Inflows}{section.6}% 17
\BOOKMARK [2][]{subsection.6.2}{Homelessness\040Exits}{section.6}% 18
\BOOKMARK [2][]{subsection.6.3}{Duration\040of\040Homelessness}{section.6}% 19
\BOOKMARK [2][]{subsection.6.4}{Interpretation}{section.6}% 20
\BOOKMARK [1][]{appendix.A}{Tables\040&\040Figures}{}% 21
