\BOOKMARK [1][-]{section*.1}{\376\377\000S\000u\000m\000m\000a\000r\000y\000\040\000S\000t\000a\000t\000i\000s\000t\000i\000c\000s\000\040\000b\000y\000\040\000C\000o\000C\000:}{}% 1
\BOOKMARK [2][-]{section*.2}{\376\377\000O\000u\000t\000c\000o\000m\000e\000s}{section*.1}% 2
\BOOKMARK [2][-]{section*.6}{\376\377\000C\000o\000v\000a\000r\000i\000a\000t\000e\000s}{section*.1}% 3
\BOOKMARK [1][-]{section*.9}{\376\377\000S\000u\000m\000m\000a\000r\000y\000\040\000S\000t\000a\000t\000i\000s\000t\000i\000c\000s\000\040\000b\000y\000\040\000S\000t\000a\000t\000e\000:}{}% 4
\BOOKMARK [2][-]{section*.10}{\376\377\000O\000u\000t\000c\000o\000m\000e\000s}{section*.9}% 5
\BOOKMARK [2][-]{section*.14}{\376\377\000C\000o\000v\000a\000r\000i\000a\000t\000e\000s}{section*.9}% 6
\BOOKMARK [1][-]{section*.18}{\376\377\000P\000r\000e\000l\000i\000m\000i\000n\000a\000r\000y\000\040\000R\000e\000g\000r\000e\000s\000s\000i\000o\000n\000s\000\040\000-\000\040\000b\000y\000\040\000C\000o\000C}{}% 7
\BOOKMARK [2][-]{section*.19}{\376\377\000O\000v\000e\000r\000a\000l\000l\000\040\000M\000o\000r\000a\000t\000o\000r\000i\000u\000m\000\040\000D\000a\000y\000s}{section*.18}% 8
\BOOKMARK [2][-]{section*.20}{\376\377\000S\000t\000a\000g\000e\000\040\0001\000\040\000D\000a\000y\000s}{section*.18}% 9
\BOOKMARK [2][-]{section*.21}{\376\377\000S\000t\000a\000g\000e\000\040\0001\000\040\000C\000O\000V\000I\000D\000\040\000D\000a\000y\000s}{section*.18}% 10
\BOOKMARK [2][-]{section*.22}{\376\377\000S\000t\000a\000g\000e\000\040\0001\000\040\000N\000o\000n\000-\000P\000a\000y\000m\000e\000n\000t\000\040\000D\000a\000y\000s}{section*.18}% 11
\BOOKMARK [2][-]{section*.23}{\376\377\000S\000t\000a\000g\000e\000\040\0002\000\040\000D\000a\000y\000s}{section*.18}% 12
\BOOKMARK [2][-]{section*.24}{\376\377\000S\000t\000a\000g\000e\000\040\0002\000\040\000C\000O\000V\000I\000D\000\040\000D\000a\000y\000s}{section*.18}% 13
\BOOKMARK [2][-]{section*.25}{\376\377\000S\000t\000a\000g\000e\000\040\0002\000\040\000N\000o\000n\000-\000P\000a\000y\000m\000e\000n\000t\000\040\000D\000a\000y\000s}{section*.18}% 14
\BOOKMARK [2][-]{section*.26}{\376\377\000S\000t\000a\000g\000e\000\040\0003\000\040\000D\000a\000y\000s}{section*.18}% 15
\BOOKMARK [2][-]{section*.27}{\376\377\000S\000t\000a\000g\000e\000\040\0003\000\040\000C\000O\000V\000I\000D\000\040\000D\000a\000y\000s}{section*.18}% 16
\BOOKMARK [2][-]{section*.28}{\376\377\000S\000t\000a\000g\000e\000\040\0003\000\040\000N\000o\000n\000-\000P\000a\000y\000m\000e\000n\000t\000\040\000D\000a\000y\000s}{section*.18}% 17
\BOOKMARK [2][-]{section*.29}{\376\377\000S\000t\000a\000g\000e\000\040\0004\000\040\000D\000a\000y\000s}{section*.18}% 18
\BOOKMARK [2][-]{section*.30}{\376\377\000S\000t\000a\000g\000e\000\040\0005\000\040\000D\000a\000y\000s}{section*.18}% 19
\BOOKMARK [2][-]{section*.31}{\376\377\000C\000A\000R\000E\000S\000\040\000A\000c\000t\000\040\000D\000a\000y\000s}{section*.18}% 20
\BOOKMARK [2][-]{section*.32}{\376\377\000C\000D\000C\000\040\000M\000o\000r\000a\000t\000o\000r\000i\000u\000m\000\040\000D\000a\000y\000s}{section*.18}% 21
\BOOKMARK [1][-]{section*.33}{\376\377\000P\000r\000e\000l\000i\000m\000i\000n\000a\000r\000y\000\040\000R\000e\000g\000r\000e\000s\000s\000i\000o\000n\000s\000\040\000-\000\040\000b\000y\000\040\000S\000t\000a\000t\000e}{}% 22
\BOOKMARK [2][-]{section*.34}{\376\377\000O\000v\000e\000r\000a\000l\000l\000\040\000M\000o\000r\000a\000t\000o\000r\000i\000u\000m\000\040\000D\000a\000y\000s}{section*.33}% 23
\BOOKMARK [2][-]{section*.35}{\376\377\000M\000o\000r\000a\000t\000o\000r\000i\000u\000m\000\040\000I\000n\000t\000e\000n\000s\000i\000t\000y}{section*.33}% 24
\BOOKMARK [2][-]{section*.36}{\376\377\000H\000o\000u\000s\000i\000n\000g\000\040\000P\000o\000l\000i\000c\000y\000\040\000S\000c\000o\000r\000e\000c\000a\000r\000d}{section*.33}% 25
\BOOKMARK [2][-]{section*.37}{\376\377\000S\000t\000a\000g\000e\000\040\0001\000\040\000D\000a\000y\000s}{section*.33}% 26
\BOOKMARK [2][-]{section*.38}{\376\377\000S\000t\000a\000g\000e\000\040\0001\000\040\000C\000O\000V\000I\000D\000\040\000D\000a\000y\000s}{section*.33}% 27
\BOOKMARK [2][-]{section*.39}{\376\377\000S\000t\000a\000g\000e\000\040\0001\000\040\000N\000o\000n\000-\000P\000a\000y\000m\000e\000n\000t\000\040\000D\000a\000y\000s}{section*.33}% 28
\BOOKMARK [2][-]{section*.40}{\376\377\000S\000t\000a\000g\000e\000\040\0002\000\040\000D\000a\000y\000s}{section*.33}% 29
\BOOKMARK [2][-]{section*.41}{\376\377\000S\000t\000a\000g\000e\000\040\0002\000\040\000C\000O\000V\000I\000D\000\040\000D\000a\000y\000s}{section*.33}% 30
\BOOKMARK [2][-]{section*.42}{\376\377\000S\000t\000a\000g\000e\000\040\0002\000\040\000N\000o\000n\000-\000P\000a\000y\000m\000e\000n\000t\000\040\000D\000a\000y\000s}{section*.33}% 31
\BOOKMARK [2][-]{section*.43}{\376\377\000S\000t\000a\000g\000e\000\040\0003\000\040\000D\000a\000y\000s}{section*.33}% 32
\BOOKMARK [2][-]{section*.44}{\376\377\000S\000t\000a\000g\000e\000\040\0003\000\040\000C\000O\000V\000I\000D\000\040\000D\000a\000y\000s}{section*.33}% 33
\BOOKMARK [2][-]{section*.45}{\376\377\000S\000t\000a\000g\000e\000\040\0003\000\040\000N\000o\000n\000-\000P\000a\000y\000m\000e\000n\000t\000\040\000D\000a\000y\000s}{section*.33}% 34
\BOOKMARK [2][-]{section*.46}{\376\377\000S\000t\000a\000g\000e\000\040\0004\000\040\000D\000a\000y\000s}{section*.33}% 35
\BOOKMARK [2][-]{section*.47}{\376\377\000S\000t\000a\000g\000e\000\040\0005\000\040\000D\000a\000y\000s}{section*.33}% 36
\BOOKMARK [2][-]{section*.48}{\376\377\000C\000A\000R\000E\000S\000\040\000A\000c\000t\000\040\000D\000a\000y\000s}{section*.33}% 37
\BOOKMARK [2][-]{section*.49}{\376\377\000C\000D\000C\000\040\000M\000o\000r\000a\000t\000o\000r\000i\000u\000m\000\040\000D\000a\000y\000s}{section*.33}% 38
\BOOKMARK [2][-]{section*.50}{\376\377\000S\000h\000a\000r\000e\000\040\000o\000f\000\040\000t\000h\000e\000\040\000Y\000e\000a\000r\000\040\000w\000i\000t\000h\000\040\000A\000n\000y\000\040\000M\000o\000r\000a\000t\000o\000r\000i\000u\000m}{section*.33}% 39
\BOOKMARK [2][-]{section*.51}{\376\377\000S\000h\000a\000r\000e\000\040\000o\000f\000\040\000Y\000e\000a\000r\000\040\000M\000o\000r\000a\000t\000o\000r\000i\000u\000m\000\040\000I\000n\000t\000e\000n\000s\000i\000t\000y}{section*.33}% 40
\BOOKMARK [2][-]{section*.52}{\376\377\000S\000h\000a\000r\000e\000\040\000S\000t\000a\000g\000e\000\040\0001\000\040\000D\000a\000y\000s}{section*.33}% 41
\BOOKMARK [2][-]{section*.53}{\376\377\000S\000h\000a\000r\000e\000\040\000S\000t\000a\000g\000e\000\040\0001\000\040\000C\000O\000V\000I\000D\000\040\000D\000a\000y\000s}{section*.33}% 42
\BOOKMARK [2][-]{section*.54}{\376\377\000S\000h\000a\000r\000e\000\040\000S\000t\000a\000g\000e\000\040\0001\000\040\000N\000o\000n\000-\000P\000a\000y\000m\000e\000n\000t\000\040\000D\000a\000y\000s}{section*.33}% 43
\BOOKMARK [2][-]{section*.55}{\376\377\000S\000h\000a\000r\000e\000\040\000S\000t\000a\000g\000e\000\040\0002\000\040\000D\000a\000y\000s}{section*.33}% 44
\BOOKMARK [2][-]{section*.56}{\376\377\000S\000h\000a\000r\000e\000\040\000S\000t\000a\000g\000e\000\040\0002\000\040\000C\000O\000V\000I\000D\000\040\000D\000a\000y\000s}{section*.33}% 45
\BOOKMARK [2][-]{section*.57}{\376\377\000S\000h\000a\000r\000e\000\040\000S\000t\000a\000g\000e\000\040\0002\000\040\000N\000o\000n\000-\000P\000a\000y\000m\000e\000n\000t\000\040\000D\000a\000y\000s}{section*.33}% 46
\BOOKMARK [2][-]{section*.58}{\376\377\000S\000h\000a\000r\000e\000\040\000S\000t\000a\000g\000e\000\040\0003\000\040\000D\000a\000y\000s}{section*.33}% 47
\BOOKMARK [2][-]{section*.59}{\376\377\000S\000h\000a\000r\000e\000\040\000S\000t\000a\000g\000e\000\040\0003\000\040\000C\000O\000V\000I\000D\000\040\000D\000a\000y\000s}{section*.33}% 48
\BOOKMARK [2][-]{section*.60}{\376\377\000S\000h\000a\000r\000e\000\040\000S\000t\000a\000g\000e\000\040\0003\000\040\000N\000o\000n\000-\000P\000a\000y\000m\000e\000n\000t\000\040\000D\000a\000y\000s}{section*.33}% 49
\BOOKMARK [2][-]{section*.61}{\376\377\000S\000h\000a\000r\000e\000\040\000S\000t\000a\000g\000e\000\040\0004\000\040\000D\000a\000y\000s}{section*.33}% 50
\BOOKMARK [2][-]{section*.62}{\376\377\000S\000h\000a\000r\000e\000\040\000S\000t\000a\000g\000e\000\040\0005\000\040\000D\000a\000y\000s}{section*.33}% 51
\BOOKMARK [2][-]{section*.63}{\376\377\000S\000h\000a\000r\000e\000\040\000C\000A\000R\000E\000S\000\040\000A\000c\000t\000\040\000D\000a\000y\000s}{section*.33}% 52
\BOOKMARK [2][-]{section*.64}{\376\377\000S\000h\000a\000r\000e\000\040\000C\000D\000C\000\040\000M\000o\000r\000a\000t\000o\000r\000i\000u\000m\000\040\000D\000a\000y\000s}{section*.33}% 53
\BOOKMARK [1][-]{section*.65}{\376\377\000P\000r\000e\000l\000i\000m\000i\000n\000a\000r\000y\000\040\000R\000e\000g\000r\000e\000s\000s\000i\000o\000n\000s\000\040\000-\000\040\000I\000n\000c\000l\000u\000d\000i\000n\000g\000\040\000S\000t\000a\000t\000e\000-\000S\000p\000e\000c\000i\000f\000i\000c\000\040\000L\000i\000n\000e\000a\000r\000\040\000T\000i\000m\000e\000\040\000T\000r\000e\000n\000d\000s}{}% 54
\BOOKMARK [2][-]{section*.66}{\376\377\000O\000v\000e\000r\000a\000l\000l\000\040\000M\000o\000r\000a\000t\000o\000r\000i\000u\000m\000\040\000D\000a\000y\000s}{section*.65}% 55
\BOOKMARK [2][-]{section*.67}{\376\377\000M\000o\000r\000a\000t\000o\000r\000i\000u\000m\000\040\000I\000n\000t\000e\000n\000s\000i\000t\000y}{section*.65}% 56
\BOOKMARK [2][-]{section*.68}{\376\377\000H\000o\000u\000s\000i\000n\000g\000\040\000P\000o\000l\000i\000c\000y\000\040\000S\000c\000o\000r\000e\000c\000a\000r\000d}{section*.65}% 57
\BOOKMARK [2][-]{section*.69}{\376\377\000S\000t\000a\000g\000e\000\040\0001\000\040\000D\000a\000y\000s}{section*.65}% 58
\BOOKMARK [2][-]{section*.70}{\376\377\000S\000t\000a\000g\000e\000\040\0001\000\040\000C\000O\000V\000I\000D\000\040\000D\000a\000y\000s}{section*.65}% 59
\BOOKMARK [2][-]{section*.71}{\376\377\000S\000t\000a\000g\000e\000\040\0001\000\040\000N\000o\000n\000-\000P\000a\000y\000m\000e\000n\000t\000\040\000D\000a\000y\000s}{section*.65}% 60
\BOOKMARK [2][-]{section*.72}{\376\377\000S\000t\000a\000g\000e\000\040\0002\000\040\000D\000a\000y\000s}{section*.65}% 61
\BOOKMARK [2][-]{section*.73}{\376\377\000S\000t\000a\000g\000e\000\040\0002\000\040\000C\000O\000V\000I\000D\000\040\000D\000a\000y\000s}{section*.65}% 62
\BOOKMARK [2][-]{section*.74}{\376\377\000S\000t\000a\000g\000e\000\040\0002\000\040\000N\000o\000n\000-\000P\000a\000y\000m\000e\000n\000t\000\040\000D\000a\000y\000s}{section*.65}% 63
\BOOKMARK [2][-]{section*.75}{\376\377\000S\000t\000a\000g\000e\000\040\0003\000\040\000D\000a\000y\000s}{section*.65}% 64
\BOOKMARK [2][-]{section*.76}{\376\377\000S\000t\000a\000g\000e\000\040\0003\000\040\000C\000O\000V\000I\000D\000\040\000D\000a\000y\000s}{section*.65}% 65
\BOOKMARK [2][-]{section*.77}{\376\377\000S\000t\000a\000g\000e\000\040\0003\000\040\000N\000o\000n\000-\000P\000a\000y\000m\000e\000n\000t\000\040\000D\000a\000y\000s}{section*.65}% 66
\BOOKMARK [2][-]{section*.78}{\376\377\000S\000t\000a\000g\000e\000\040\0004\000\040\000D\000a\000y\000s}{section*.65}% 67
\BOOKMARK [2][-]{section*.79}{\376\377\000S\000t\000a\000g\000e\000\040\0005\000\040\000D\000a\000y\000s}{section*.65}% 68
\BOOKMARK [2][-]{section*.80}{\376\377\000C\000A\000R\000E\000S\000\040\000A\000c\000t\000\040\000D\000a\000y\000s}{section*.65}% 69
\BOOKMARK [2][-]{section*.81}{\376\377\000C\000D\000C\000\040\000M\000o\000r\000a\000t\000o\000r\000i\000u\000m\000\040\000D\000a\000y\000s}{section*.65}% 70
\BOOKMARK [2][-]{section*.82}{\376\377\000S\000h\000a\000r\000e\000\040\000o\000f\000\040\000t\000h\000e\000\040\000Y\000e\000a\000r\000\040\000w\000i\000t\000h\000\040\000A\000n\000y\000\040\000M\000o\000r\000a\000t\000o\000r\000i\000u\000m}{section*.65}% 71
\BOOKMARK [2][-]{section*.83}{\376\377\000S\000h\000a\000r\000e\000\040\000o\000f\000\040\000Y\000e\000a\000r\000\040\000M\000o\000r\000a\000t\000o\000r\000i\000u\000m\000\040\000I\000n\000t\000e\000n\000s\000i\000t\000y}{section*.65}% 72
\BOOKMARK [2][-]{section*.84}{\376\377\000S\000h\000a\000r\000e\000\040\000S\000t\000a\000g\000e\000\040\0001\000\040\000D\000a\000y\000s}{section*.65}% 73
\BOOKMARK [2][-]{section*.85}{\376\377\000S\000h\000a\000r\000e\000\040\000S\000t\000a\000g\000e\000\040\0001\000\040\000C\000O\000V\000I\000D\000\040\000D\000a\000y\000s}{section*.65}% 74
\BOOKMARK [2][-]{section*.86}{\376\377\000S\000h\000a\000r\000e\000\040\000S\000t\000a\000g\000e\000\040\0001\000\040\000N\000o\000n\000-\000P\000a\000y\000m\000e\000n\000t\000\040\000D\000a\000y\000s}{section*.65}% 75
\BOOKMARK [2][-]{section*.87}{\376\377\000S\000h\000a\000r\000e\000\040\000S\000t\000a\000g\000e\000\040\0002\000\040\000D\000a\000y\000s}{section*.65}% 76
\BOOKMARK [2][-]{section*.88}{\376\377\000S\000h\000a\000r\000e\000\040\000S\000t\000a\000g\000e\000\040\0002\000\040\000C\000O\000V\000I\000D\000\040\000D\000a\000y\000s}{section*.65}% 77
\BOOKMARK [2][-]{section*.89}{\376\377\000S\000h\000a\000r\000e\000\040\000S\000t\000a\000g\000e\000\040\0002\000\040\000N\000o\000n\000-\000P\000a\000y\000m\000e\000n\000t\000\040\000D\000a\000y\000s}{section*.65}% 78
\BOOKMARK [2][-]{section*.90}{\376\377\000S\000h\000a\000r\000e\000\040\000S\000t\000a\000g\000e\000\040\0003\000\040\000D\000a\000y\000s}{section*.65}% 79
\BOOKMARK [2][-]{section*.91}{\376\377\000S\000h\000a\000r\000e\000\040\000S\000t\000a\000g\000e\000\040\0003\000\040\000C\000O\000V\000I\000D\000\040\000D\000a\000y\000s}{section*.65}% 80
\BOOKMARK [2][-]{section*.92}{\376\377\000S\000h\000a\000r\000e\000\040\000S\000t\000a\000g\000e\000\040\0003\000\040\000N\000o\000n\000-\000P\000a\000y\000m\000e\000n\000t\000\040\000D\000a\000y\000s}{section*.65}% 81
\BOOKMARK [2][-]{section*.93}{\376\377\000S\000h\000a\000r\000e\000\040\000S\000t\000a\000g\000e\000\040\0004\000\040\000D\000a\000y\000s}{section*.65}% 82
\BOOKMARK [2][-]{section*.94}{\376\377\000S\000h\000a\000r\000e\000\040\000S\000t\000a\000g\000e\000\040\0005\000\040\000D\000a\000y\000s}{section*.65}% 83
\BOOKMARK [2][-]{section*.95}{\376\377\000S\000h\000a\000r\000e\000\040\000C\000A\000R\000E\000S\000\040\000A\000c\000t\000\040\000D\000a\000y\000s}{section*.65}% 84
\BOOKMARK [2][-]{section*.96}{\376\377\000S\000h\000a\000r\000e\000\040\000C\000D\000C\000\040\000M\000o\000r\000a\000t\000o\000r\000i\000u\000m\000\040\000D\000a\000y\000s}{section*.65}% 85
\BOOKMARK [1][-]{section*.97}{\376\377\000P\000r\000e\000l\000i\000m\000i\000n\000a\000r\000y\000\040\000R\000e\000g\000r\000e\000s\000s\000i\000o\000n\000s\000\040\000-\000\040\000w\000i\000t\000h\000\040\000W\000i\000l\000d\000\040\000C\000l\000u\000s\000t\000e\000r\000\040\000B\000o\000o\000t\000s\000t\000r\000a\000p\000\040\000P\000-\000V\000a\000l\000u\000e\000s}{}% 86
\BOOKMARK [2][-]{section*.98}{\376\377\000O\000v\000e\000r\000a\000l\000l\000\040\000M\000o\000r\000a\000t\000o\000r\000i\000u\000m\000\040\000D\000a\000y\000s}{section*.97}% 87
\BOOKMARK [2][-]{section*.99}{\376\377\000M\000o\000r\000a\000t\000o\000r\000i\000u\000m\000\040\000I\000n\000t\000e\000n\000s\000i\000t\000y}{section*.97}% 88
\BOOKMARK [2][-]{section*.100}{\376\377\000H\000o\000u\000s\000i\000n\000g\000\040\000P\000o\000l\000i\000c\000y\000\040\000S\000c\000o\000r\000e\000c\000a\000r\000d}{section*.97}% 89
\BOOKMARK [2][-]{section*.101}{\376\377\000S\000t\000a\000g\000e\000\040\0001\000\040\000D\000a\000y\000s}{section*.97}% 90
\BOOKMARK [2][-]{section*.102}{\376\377\000S\000t\000a\000g\000e\000\040\0001\000\040\000C\000O\000V\000I\000D\000\040\000D\000a\000y\000s}{section*.97}% 91
\BOOKMARK [2][-]{section*.103}{\376\377\000S\000t\000a\000g\000e\000\040\0001\000\040\000N\000o\000n\000-\000P\000a\000y\000m\000e\000n\000t\000\040\000D\000a\000y\000s}{section*.97}% 92
\BOOKMARK [2][-]{section*.104}{\376\377\000S\000t\000a\000g\000e\000\040\0002\000\040\000D\000a\000y\000s}{section*.97}% 93
\BOOKMARK [2][-]{section*.105}{\376\377\000S\000t\000a\000g\000e\000\040\0002\000\040\000C\000O\000V\000I\000D\000\040\000D\000a\000y\000s}{section*.97}% 94
\BOOKMARK [2][-]{section*.106}{\376\377\000S\000t\000a\000g\000e\000\040\0002\000\040\000N\000o\000n\000-\000P\000a\000y\000m\000e\000n\000t\000\040\000D\000a\000y\000s}{section*.97}% 95
\BOOKMARK [2][-]{section*.107}{\376\377\000S\000t\000a\000g\000e\000\040\0003\000\040\000D\000a\000y\000s}{section*.97}% 96
\BOOKMARK [2][-]{section*.108}{\376\377\000S\000t\000a\000g\000e\000\040\0003\000\040\000C\000O\000V\000I\000D\000\040\000D\000a\000y\000s}{section*.97}% 97
\BOOKMARK [2][-]{section*.109}{\376\377\000S\000t\000a\000g\000e\000\040\0003\000\040\000N\000o\000n\000-\000P\000a\000y\000m\000e\000n\000t\000\040\000D\000a\000y\000s}{section*.97}% 98
\BOOKMARK [2][-]{section*.110}{\376\377\000S\000t\000a\000g\000e\000\040\0004\000\040\000D\000a\000y\000s}{section*.97}% 99
\BOOKMARK [2][-]{section*.111}{\376\377\000S\000t\000a\000g\000e\000\040\0005\000\040\000D\000a\000y\000s}{section*.97}% 100
\BOOKMARK [2][-]{section*.112}{\376\377\000C\000A\000R\000E\000S\000\040\000A\000c\000t\000\040\000D\000a\000y\000s}{section*.97}% 101
\BOOKMARK [2][-]{section*.113}{\376\377\000C\000D\000C\000\040\000M\000o\000r\000a\000t\000o\000r\000i\000u\000m\000\040\000D\000a\000y\000s}{section*.97}% 102
\BOOKMARK [2][-]{section*.114}{\376\377\000S\000h\000a\000r\000e\000\040\000o\000f\000\040\000t\000h\000e\000\040\000Y\000e\000a\000r\000\040\000w\000i\000t\000h\000\040\000A\000n\000y\000\040\000M\000o\000r\000a\000t\000o\000r\000i\000u\000m}{section*.97}% 103
\BOOKMARK [2][-]{section*.115}{\376\377\000S\000h\000a\000r\000e\000\040\000o\000f\000\040\000Y\000e\000a\000r\000\040\000M\000o\000r\000a\000t\000o\000r\000i\000u\000m\000\040\000I\000n\000t\000e\000n\000s\000i\000t\000y}{section*.97}% 104
\BOOKMARK [2][-]{section*.116}{\376\377\000S\000h\000a\000r\000e\000\040\000S\000t\000a\000g\000e\000\040\0001\000\040\000D\000a\000y\000s}{section*.97}% 105
\BOOKMARK [2][-]{section*.117}{\376\377\000S\000h\000a\000r\000e\000\040\000S\000t\000a\000g\000e\000\040\0001\000\040\000C\000O\000V\000I\000D\000\040\000D\000a\000y\000s}{section*.97}% 106
\BOOKMARK [2][-]{section*.118}{\376\377\000S\000h\000a\000r\000e\000\040\000S\000t\000a\000g\000e\000\040\0001\000\040\000N\000o\000n\000-\000P\000a\000y\000m\000e\000n\000t\000\040\000D\000a\000y\000s}{section*.97}% 107
\BOOKMARK [2][-]{section*.119}{\376\377\000S\000h\000a\000r\000e\000\040\000S\000t\000a\000g\000e\000\040\0002\000\040\000D\000a\000y\000s}{section*.97}% 108
\BOOKMARK [2][-]{section*.120}{\376\377\000S\000h\000a\000r\000e\000\040\000S\000t\000a\000g\000e\000\040\0002\000\040\000C\000O\000V\000I\000D\000\040\000D\000a\000y\000s}{section*.97}% 109
\BOOKMARK [2][-]{section*.121}{\376\377\000S\000h\000a\000r\000e\000\040\000S\000t\000a\000g\000e\000\040\0002\000\040\000N\000o\000n\000-\000P\000a\000y\000m\000e\000n\000t\000\040\000D\000a\000y\000s}{section*.97}% 110
\BOOKMARK [2][-]{section*.122}{\376\377\000S\000h\000a\000r\000e\000\040\000S\000t\000a\000g\000e\000\040\0003\000\040\000D\000a\000y\000s}{section*.97}% 111
\BOOKMARK [2][-]{section*.123}{\376\377\000S\000h\000a\000r\000e\000\040\000S\000t\000a\000g\000e\000\040\0003\000\040\000C\000O\000V\000I\000D\000\040\000D\000a\000y\000s}{section*.97}% 112
\BOOKMARK [2][-]{section*.124}{\376\377\000S\000h\000a\000r\000e\000\040\000S\000t\000a\000g\000e\000\040\0003\000\040\000N\000o\000n\000-\000P\000a\000y\000m\000e\000n\000t\000\040\000D\000a\000y\000s}{section*.97}% 113
\BOOKMARK [2][-]{section*.125}{\376\377\000S\000h\000a\000r\000e\000\040\000S\000t\000a\000g\000e\000\040\0004\000\040\000D\000a\000y\000s}{section*.97}% 114
\BOOKMARK [2][-]{section*.126}{\376\377\000S\000h\000a\000r\000e\000\040\000S\000t\000a\000g\000e\000\040\0005\000\040\000D\000a\000y\000s}{section*.97}% 115
\BOOKMARK [2][-]{section*.127}{\376\377\000S\000h\000a\000r\000e\000\040\000C\000A\000R\000E\000S\000\040\000A\000c\000t\000\040\000D\000a\000y\000s}{section*.97}% 116
\BOOKMARK [2][-]{section*.128}{\376\377\000S\000h\000a\000r\000e\000\040\000C\000D\000C\000\040\000M\000o\000r\000a\000t\000o\000r\000i\000u\000m\000\040\000D\000a\000y\000s}{section*.97}% 117
